Entries
    [ Entry
        [ Field "__CURSOR" "s=40bae8c0037243888cf6363ca8e01bc1;i=510acbc;b=1fbfe0078d00402ab1601f5940ecd4ef;m=dd6ad070bb;t=610af2fd9579e;x=7f8ddb8f9720e57a"
        , Field "__REALTIME_TIMESTAMP" "1707194468358046"
        , Field "__MONOTONIC_TIMESTAMP" "950979817659"
        , Field "__SEQNUM" "84978876"
        , Field "__SEQNUM_ID" "40bae8c0037243888cf6363ca8e01bc1"
        , Field "_BOOT_ID" "1fbfe0078d00402ab1601f5940ecd4ef"
        , Field "_SYSTEMD_SLICE" "system.slice"
        , Field "_MACHINE_ID" "aaaaaaaaaaaaaaaaaaaaaaaaaaaaaaaa"
        , Field "_HOSTNAME" "tail-bot"
        , Field "_RUNTIME_SCOPE" "system"
        , Field "SYSLOG_FACILITY" "3"
        , Field "_TRANSPORT" "syslog"
        , Field "PRIORITY" "7"
        , Field "SYSLOG_IDENTIFIER" "rtkit-daemon"
        , Field "SYSLOG_PID" "1418"
        , Field "_PID" "1418"
        , Field "_UID" "133"
        , Field "_GID" "133"
        , Field "_COMM" "rtkit-daemon"
        , Field "_EXE" "/usr/lib/rtkit-daemon"
        , Field "_CMDLINE" "/usr/lib/rtkit-daemon"
        , Field "_CAP_EFFECTIVE" "800004"
        , Field "_SYSTEMD_CGROUP" "/system.slice/rtkit-daemon.service"
        , Field "_SYSTEMD_UNIT" "rtkit-daemon.service"
        , Field "_SYSTEMD_INVOCATION_ID" "079871b8cba4479793519c383733adc6"
        , Field "MESSAGE" "Supervising 6 threads of 5 processes of 1 users."
        , Field "SYSLOG_TIMESTAMP" "Feb  6 04:41:08"
        , Field "SYSLOG_RAW" "<31>Feb  6 04:41:08 rtkit-daemon[1418]: Supervising 6 threads of 5 processes of 1 users.
          "
        , Field "_SOURCE_REALTIME_TIMESTAMP" "1707194468357162"
        ]
    , Entry
        [ Field "__CURSOR" "s=40bae8c0037243888cf6363ca8e01bc1;i=510acbd;b=1fbfe0078d00402ab1601f5940ecd4ef;m=dd77d0258a;t=610af3cd90c6d;x=b615a4c266968f2d"
        , Field "__REALTIME_TIMESTAMP" "1707194686442605"
        , Field "__MONOTONIC_TIMESTAMP" "951197902218"
        , Field "__SEQNUM" "84978877"
        , Field "__SEQNUM_ID" "40bae8c0037243888cf6363ca8e01bc1"
        , Field "_BOOT_ID" "1fbfe0078d00402ab1601f5940ecd4ef"
        , Field "_SYSTEMD_SLICE" "system.slice"
        , Field "_MACHINE_ID" "aaaaaaaaaaaaaaaaaaaaaaaaaaaaaaaa"
        , Field "_HOSTNAME" "tail-bot"
        , Field "_RUNTIME_SCOPE" "system"
        , Field "SYSLOG_FACILITY" "3"
        , Field "_TRANSPORT" "syslog"
        , Field "PRIORITY" "7"
        , Field "SYSLOG_IDENTIFIER" "rtkit-daemon"
        , Field "SYSLOG_PID" "1418"
        , Field "_PID" "1418"
        , Field "_UID" "133"
        , Field "_GID" "133"
        , Field "_COMM" "rtkit-daemon"
        , Field "_EXE" "/usr/lib/rtkit-daemon"
        , Field "_CMDLINE" "/usr/lib/rtkit-daemon"
        , Field "_CAP_EFFECTIVE" "800004"
        , Field "_SYSTEMD_CGROUP" "/system.slice/rtkit-daemon.service"
        , Field "_SYSTEMD_UNIT" "rtkit-daemon.service"
        , Field "_SYSTEMD_INVOCATION_ID" "079871b8cba4479793519c383733adc6"
        , Field "MESSAGE" "Supervising 6 threads of 5 processes of 1 users."
        , Field "SYSLOG_TIMESTAMP" "Feb  6 04:44:46"
        , Field "SYSLOG_RAW" "<31>Feb  6 04:44:46 rtkit-daemon[1418]: Supervising 6 threads of 5 processes of 1 users.
          "
        , Field "_SOURCE_REALTIME_TIMESTAMP" "1707194686442584"
        ]
    , Entry
        [ Field "__CURSOR" "s=40bae8c0037243888cf6363ca8e01bc1;i=510acbe;b=1fbfe0078d00402ab1601f5940ecd4ef;m=dd77d02ba1;t=610af3cd91283;x=e11afeb2696ab136"
        , Field "__REALTIME_TIMESTAMP" "1707194686444163"
        , Field "__MONOTONIC_TIMESTAMP" "951197903777"
        , Field "__SEQNUM" "84978878"
        , Field "__SEQNUM_ID" "40bae8c0037243888cf6363ca8e01bc1"
        , Field "_BOOT_ID" "1fbfe0078d00402ab1601f5940ecd4ef"
        , Field "_SYSTEMD_SLICE" "system.slice"
        , Field "_MACHINE_ID" "aaaaaaaaaaaaaaaaaaaaaaaaaaaaaaaa"
        , Field "_HOSTNAME" "tail-bot"
        , Field "_RUNTIME_SCOPE" "system"
        , Field "SYSLOG_FACILITY" "3"
        , Field "_TRANSPORT" "syslog"
        , Field "PRIORITY" "7"
        , Field "SYSLOG_IDENTIFIER" "rtkit-daemon"
        , Field "SYSLOG_PID" "1418"
        , Field "_PID" "1418"
        , Field "_UID" "133"
        , Field "_GID" "133"
        , Field "_COMM" "rtkit-daemon"
        , Field "_EXE" "/usr/lib/rtkit-daemon"
        , Field "_CMDLINE" "/usr/lib/rtkit-daemon"
        , Field "_CAP_EFFECTIVE" "800004"
        , Field "_SYSTEMD_CGROUP" "/system.slice/rtkit-daemon.service"
        , Field "_SYSTEMD_UNIT" "rtkit-daemon.service"
        , Field "_SYSTEMD_INVOCATION_ID" "079871b8cba4479793519c383733adc6"
        , Field "MESSAGE" "Supervising 6 threads of 5 processes of 1 users."
        , Field "SYSLOG_TIMESTAMP" "Feb  6 04:44:46"
        , Field "SYSLOG_RAW" "<31>Feb  6 04:44:46 rtkit-daemon[1418]: Supervising 6 threads of 5 processes of 1 users.
          "
        , Field "_SOURCE_REALTIME_TIMESTAMP" "1707194686442937"
        ]
    , Entry
        [ Field "__CURSOR" "s=40bae8c0037243888cf6363ca8e01bc1;i=510acbf;b=1fbfe0078d00402ab1601f5940ecd4ef;m=dd7bf29915;t=610af40fb7ff7;x=bdcca0fd47bf19c6"
        , Field "__REALTIME_TIMESTAMP" "1707194755809271"
        , Field "__MONOTONIC_TIMESTAMP" "951267268885"
        , Field "__SEQNUM" "84978879"
        , Field "__SEQNUM_ID" "40bae8c0037243888cf6363ca8e01bc1"
        , Field "_BOOT_ID" "1fbfe0078d00402ab1601f5940ecd4ef"
        , Field "PRIORITY" "4"
        , Field "_TRANSPORT" "journal"
        , Field "_UID" "1000"
        , Field "_GID" "1001"
        , Field "_CAP_EFFECTIVE" "0"
        , Field "_AUDIT_SESSION" "1"
        , Field "_AUDIT_LOGINUID" "1000"
        , Field "_SYSTEMD_OWNER_UID" "1000"
        , Field "_SYSTEMD_UNIT" "user@1000.service"
        , Field "_SYSTEMD_SLICE" "user-1000.slice"
        , Field "_MACHINE_ID" "aaaaaaaaaaaaaaaaaaaaaaaaaaaaaaaa"
        , Field "_HOSTNAME" "tail-bot"
        , Field "_RUNTIME_SCOPE" "system"
        , Field "_SYSTEMD_USER_SLICE" "session.slice"
        , Field "CODE_FUNC" "unknown"
        , Field "CODE_LINE" "0"
        , Field "CODE_FILE" "unknown"
        , Field "SYSLOG_IDENTIFIER" "plasmashell"
        , Field "_COMM" "plasmashell"
        , Field "_EXE" "/usr/bin/plasmashell"
        , Field "_CMDLINE" "/usr/bin/plasmashell --no-respawn"
        , Field "_SYSTEMD_CGROUP" "/user.slice/user-1000.slice/user@1000.service/session.slice/plasma-plasmashell.service"
        , Field "_SYSTEMD_USER_UNIT" "plasma-plasmashell.service"
        , Field "_PID" "3952"
        , Field "_SYSTEMD_INVOCATION_ID" "1e5b0275da15440aa32bb2e68a47cc85"
        , Field "QT_CATEGORY" "kpipewire_logging"
        , Field "MESSAGE" "kpipewire_logging: Window not available PipeWireSourceItem_QML_1003(0x5de836e1ae10, parent=0x5de83a7f9c40, geometry=0,0 272x128)"
        , Field "_SOURCE_REALTIME_TIMESTAMP" "1707194755809250"
        ]
    , Entry
        [ Field "__CURSOR" "s=40bae8c0037243888cf6363ca8e01bc1;i=510acc0;b=1fbfe0078d00402ab1601f5940ecd4ef;m=dd7bf29ebd;t=610af40fb859f;x=f01f44f16174904f"
        , Field "__REALTIME_TIMESTAMP" "1707194755810719"
        , Field "__MONOTONIC_TIMESTAMP" "951267270333"
        , Field "__SEQNUM" "84978880"
        , Field "__SEQNUM_ID" "40bae8c0037243888cf6363ca8e01bc1"
        , Field "_BOOT_ID" "1fbfe0078d00402ab1601f5940ecd4ef"
        , Field "PRIORITY" "4"
        , Field "_TRANSPORT" "journal"
        , Field "_UID" "1000"
        , Field "_GID" "1001"
        , Field "_CAP_EFFECTIVE" "0"
        , Field "_AUDIT_SESSION" "1"
        , Field "_AUDIT_LOGINUID" "1000"
        , Field "_SYSTEMD_OWNER_UID" "1000"
        , Field "_SYSTEMD_UNIT" "user@1000.service"
        , Field "_SYSTEMD_SLICE" "user-1000.slice"
        , Field "_MACHINE_ID" "aaaaaaaaaaaaaaaaaaaaaaaaaaaaaaaa"
        , Field "_HOSTNAME" "tail-bot"
        , Field "_RUNTIME_SCOPE" "system"
        , Field "_SYSTEMD_USER_SLICE" "session.slice"
        , Field "CODE_FUNC" "unknown"
        , Field "CODE_LINE" "0"
        , Field "CODE_FILE" "unknown"
        , Field "SYSLOG_IDENTIFIER" "plasmashell"
        , Field "_COMM" "plasmashell"
        , Field "_EXE" "/usr/bin/plasmashell"
        , Field "_CMDLINE" "/usr/bin/plasmashell --no-respawn"
        , Field "_SYSTEMD_CGROUP" "/user.slice/user-1000.slice/user@1000.service/session.slice/plasma-plasmashell.service"
        , Field "_SYSTEMD_USER_UNIT" "plasma-plasmashell.service"
        , Field "_PID" "3952"
        , Field "_SYSTEMD_INVOCATION_ID" "1e5b0275da15440aa32bb2e68a47cc85"
        , Field "QT_CATEGORY" "kpipewire_logging"
        , Field "MESSAGE" "kpipewire_logging: Window not available PipeWireSourceItem_QML_1003(0x5de83cc722e0, parent=0x5de83af64db0, geometry=0,0 272x128)"
        , Field "_SOURCE_REALTIME_TIMESTAMP" "1707194755809433"
        ]
    , Entry
        [ Field "__CURSOR" "s=40bae8c0037243888cf6363ca8e01bc1;i=510acc1;b=1fbfe0078d00402ab1601f5940ecd4ef;m=dd7bf29ed6;t=610af40fb85b8;x=be4688701fb4ade7"
        , Field "__REALTIME_TIMESTAMP" "1707194755810744"
        , Field "__MONOTONIC_TIMESTAMP" "951267270358"
        , Field "__SEQNUM" "84978881"
        , Field "__SEQNUM_ID" "40bae8c0037243888cf6363ca8e01bc1"
        , Field "_BOOT_ID" "1fbfe0078d00402ab1601f5940ecd4ef"
        , Field "PRIORITY" "4"
        , Field "_TRANSPORT" "journal"
        , Field "_UID" "1000"
        , Field "_GID" "1001"
        , Field "_CAP_EFFECTIVE" "0"
        , Field "_AUDIT_SESSION" "1"
        , Field "_AUDIT_LOGINUID" "1000"
        , Field "_SYSTEMD_OWNER_UID" "1000"
        , Field "_SYSTEMD_UNIT" "user@1000.service"
        , Field "_SYSTEMD_SLICE" "user-1000.slice"
        , Field "_MACHINE_ID" "aaaaaaaaaaaaaaaaaaaaaaaaaaaaaaaa"
        , Field "_HOSTNAME" "tail-bot"
        , Field "_RUNTIME_SCOPE" "system"
        , Field "_SYSTEMD_USER_SLICE" "session.slice"
        , Field "CODE_FUNC" "unknown"
        , Field "CODE_LINE" "0"
        , Field "CODE_FILE" "unknown"
        , Field "SYSLOG_IDENTIFIER" "plasmashell"
        , Field "_COMM" "plasmashell"
        , Field "_EXE" "/usr/bin/plasmashell"
        , Field "_CMDLINE" "/usr/bin/plasmashell --no-respawn"
        , Field "_SYSTEMD_CGROUP" "/user.slice/user-1000.slice/user@1000.service/session.slice/plasma-plasmashell.service"
        , Field "_SYSTEMD_USER_UNIT" "plasma-plasmashell.service"
        , Field "_PID" "3952"
        , Field "_SYSTEMD_INVOCATION_ID" "1e5b0275da15440aa32bb2e68a47cc85"
        , Field "QT_CATEGORY" "kpipewire_logging"
        , Field "MESSAGE" "kpipewire_logging: Window not available PipeWireSourceItem_QML_1003(0x5de83c407fb0, parent=0x5de83ca648c0, geometry=0,0 272x128)"
        , Field "_SOURCE_REALTIME_TIMESTAMP" "1707194755809463"
        ]
    , Entry
        [ Field "__CURSOR" "s=40bae8c0037243888cf6363ca8e01bc1;i=510acc2;b=1fbfe0078d00402ab1601f5940ecd4ef;m=dd7c22ccfc;t=610af412bb3de;x=e2b6be00a461df93"
        , Field "__REALTIME_TIMESTAMP" "1707194758968286"
        , Field "__MONOTONIC_TIMESTAMP" "951270427900"
        , Field "__SEQNUM" "84978882"
        , Field "__SEQNUM_ID" "40bae8c0037243888cf6363ca8e01bc1"
        , Field "_BOOT_ID" "1fbfe0078d00402ab1601f5940ecd4ef"
        , Field "_SYSTEMD_SLICE" "system.slice"
        , Field "_MACHINE_ID" "aaaaaaaaaaaaaaaaaaaaaaaaaaaaaaaa"
        , Field "_HOSTNAME" "tail-bot"
        , Field "_RUNTIME_SCOPE" "system"
        , Field "SYSLOG_FACILITY" "3"
        , Field "_TRANSPORT" "syslog"
        , Field "PRIORITY" "7"
        , Field "SYSLOG_IDENTIFIER" "rtkit-daemon"
        , Field "SYSLOG_PID" "1418"
        , Field "_PID" "1418"
        , Field "_UID" "133"
        , Field "_GID" "133"
        , Field "_COMM" "rtkit-daemon"
        , Field "_EXE" "/usr/lib/rtkit-daemon"
        , Field "_CMDLINE" "/usr/lib/rtkit-daemon"
        , Field "_CAP_EFFECTIVE" "800004"
        , Field "_SYSTEMD_CGROUP" "/system.slice/rtkit-daemon.service"
        , Field "_SYSTEMD_UNIT" "rtkit-daemon.service"
        , Field "_SYSTEMD_INVOCATION_ID" "079871b8cba4479793519c383733adc6"
        , Field "MESSAGE" "Supervising 6 threads of 5 processes of 1 users."
        , Field "SYSLOG_TIMESTAMP" "Feb  6 04:45:58"
        , Field "SYSLOG_RAW" "<31>Feb  6 04:45:58 rtkit-daemon[1418]: Supervising 6 threads of 5 processes of 1 users.
          "
        , Field "_SOURCE_REALTIME_TIMESTAMP" "1707194758968259"
        ]
    , Entry
        [ Field "__CURSOR" "s=40bae8c0037243888cf6363ca8e01bc1;i=510acc3;b=1fbfe0078d00402ab1601f5940ecd4ef;m=dd7c22cf61;t=610af412bb643;x=e604098c091eea6d"
        , Field "__REALTIME_TIMESTAMP" "1707194758968899"
        , Field "__MONOTONIC_TIMESTAMP" "951270428513"
        , Field "__SEQNUM" "84978883"
        , Field "__SEQNUM_ID" "40bae8c0037243888cf6363ca8e01bc1"
        , Field "_BOOT_ID" "1fbfe0078d00402ab1601f5940ecd4ef"
        , Field "_SYSTEMD_SLICE" "system.slice"
        , Field "_MACHINE_ID" "aaaaaaaaaaaaaaaaaaaaaaaaaaaaaaaa"
        , Field "_HOSTNAME" "tail-bot"
        , Field "_RUNTIME_SCOPE" "system"
        , Field "SYSLOG_FACILITY" "3"
        , Field "_TRANSPORT" "syslog"
        , Field "PRIORITY" "7"
        , Field "SYSLOG_IDENTIFIER" "rtkit-daemon"
        , Field "SYSLOG_PID" "1418"
        , Field "_PID" "1418"
        , Field "_UID" "133"
        , Field "_GID" "133"
        , Field "_COMM" "rtkit-daemon"
        , Field "_EXE" "/usr/lib/rtkit-daemon"
        , Field "_CMDLINE" "/usr/lib/rtkit-daemon"
        , Field "_CAP_EFFECTIVE" "800004"
        , Field "_SYSTEMD_CGROUP" "/system.slice/rtkit-daemon.service"
        , Field "_SYSTEMD_UNIT" "rtkit-daemon.service"
        , Field "_SYSTEMD_INVOCATION_ID" "079871b8cba4479793519c383733adc6"
        , Field "MESSAGE" "Supervising 6 threads of 5 processes of 1 users."
        , Field "SYSLOG_TIMESTAMP" "Feb  6 04:45:58"
        , Field "SYSLOG_RAW" "<31>Feb  6 04:45:58 rtkit-daemon[1418]: Supervising 6 threads of 5 processes of 1 users.
          "
        , Field "_SOURCE_REALTIME_TIMESTAMP" "1707194758968503"
        ]
    , Entry
        [ Field "__CURSOR" "s=40bae8c0037243888cf6363ca8e01bc1;i=510acc4;b=1fbfe0078d00402ab1601f5940ecd4ef;m=dd7c60f8b5;t=610af4169df97;x=943131c434aa6aba"
        , Field "__REALTIME_TIMESTAMP" "1707194763042711"
        , Field "__MONOTONIC_TIMESTAMP" "951274502325"
        , Field "__SEQNUM" "84978884"
        , Field "__SEQNUM_ID" "40bae8c0037243888cf6363ca8e01bc1"
        , Field "_BOOT_ID" "1fbfe0078d00402ab1601f5940ecd4ef"
        , Field "PRIORITY" "4"
        , Field "_TRANSPORT" "journal"
        , Field "_UID" "1000"
        , Field "_GID" "1001"
        , Field "_CAP_EFFECTIVE" "0"
        , Field "_AUDIT_SESSION" "1"
        , Field "_AUDIT_LOGINUID" "1000"
        , Field "_SYSTEMD_OWNER_UID" "1000"
        , Field "_SYSTEMD_UNIT" "user@1000.service"
        , Field "_SYSTEMD_SLICE" "user-1000.slice"
        , Field "_MACHINE_ID" "aaaaaaaaaaaaaaaaaaaaaaaaaaaaaaaa"
        , Field "_HOSTNAME" "tail-bot"
        , Field "_RUNTIME_SCOPE" "system"
        , Field "CODE_FUNC" "unknown"
        , Field "CODE_LINE" "0"
        , Field "CODE_FILE" "unknown"
        , Field "QT_CATEGORY" "default"
        , Field "_SYSTEMD_USER_SLICE" "background.slice"
        , Field "SYSLOG_IDENTIFIER" "krunner"
        , Field "_PID" "14090"
        , Field "_COMM" "krunner"
        , Field "_EXE" "/usr/bin/krunner"
        , Field "_CMDLINE" "/usr/bin/krunner"
        , Field "_SYSTEMD_CGROUP" "/user.slice/user-1000.slice/user@1000.service/background.slice/plasma-krunner.service"
        , Field "_SYSTEMD_USER_UNIT" "plasma-krunner.service"
        , Field "_SYSTEMD_INVOCATION_ID" "429cf3a9a75b465e8e373be89643fd66"
        , Field "MESSAGE" "QCommandLineParser: argument list cannot be empty, it should contain at least the executable name"
        , Field "_SOURCE_REALTIME_TIMESTAMP" "1707194763042688"
        ]
    , Entry
        [ Field "__CURSOR" "s=40bae8c0037243888cf6363ca8e01bc1;i=510acc5;b=1fbfe0078d00402ab1601f5940ecd4ef;m=dd7c610b25;t=610af4169f208;x=672a2a583788dff4"
        , Field "__REALTIME_TIMESTAMP" "1707194763047432"
        , Field "__MONOTONIC_TIMESTAMP" "951274507045"
        , Field "__SEQNUM" "84978885"
        , Field "__SEQNUM_ID" "40bae8c0037243888cf6363ca8e01bc1"
        , Field "_BOOT_ID" "1fbfe0078d00402ab1601f5940ecd4ef"
        , Field "PRIORITY" "4"
        , Field "_TRANSPORT" "journal"
        , Field "_UID" "1000"
        , Field "_GID" "1001"
        , Field "_CAP_EFFECTIVE" "0"
        , Field "_AUDIT_SESSION" "1"
        , Field "_AUDIT_LOGINUID" "1000"
        , Field "_SYSTEMD_OWNER_UID" "1000"
        , Field "_SYSTEMD_UNIT" "user@1000.service"
        , Field "_SYSTEMD_SLICE" "user-1000.slice"
        , Field "_MACHINE_ID" "aaaaaaaaaaaaaaaaaaaaaaaaaaaaaaaa"
        , Field "_HOSTNAME" "tail-bot"
        , Field "_RUNTIME_SCOPE" "system"
        , Field "CODE_FUNC" "unknown"
        , Field "CODE_LINE" "0"
        , Field "CODE_FILE" "unknown"
        , Field "_SYSTEMD_USER_SLICE" "background.slice"
        , Field "MESSAGE" "qt.qpa.wayland: Wayland does not support QWindow::requestActivate()"
        , Field "QT_CATEGORY" "qt.qpa.wayland"
        , Field "SYSLOG_IDENTIFIER" "krunner"
        , Field "_PID" "14090"
        , Field "_COMM" "krunner"
        , Field "_EXE" "/usr/bin/krunner"
        , Field "_CMDLINE" "/usr/bin/krunner"
        , Field "_SYSTEMD_CGROUP" "/user.slice/user-1000.slice/user@1000.service/background.slice/plasma-krunner.service"
        , Field "_SYSTEMD_USER_UNIT" "plasma-krunner.service"
        , Field "_SYSTEMD_INVOCATION_ID" "429cf3a9a75b465e8e373be89643fd66"
        , Field "_SOURCE_REALTIME_TIMESTAMP" "1707194763047421"
        ]
    , Entry
        [ Field "__CURSOR" "s=40bae8c0037243888cf6363ca8e01bc1;i=510acc6;b=1fbfe0078d00402ab1601f5940ecd4ef;m=dd7c6c655d;t=610af41754c3f;x=1a37939c23299c3c"
        , Field "__REALTIME_TIMESTAMP" "1707194763791423"
        , Field "__MONOTONIC_TIMESTAMP" "951275251037"
        , Field "__SEQNUM" "84978886"
        , Field "__SEQNUM_ID" "40bae8c0037243888cf6363ca8e01bc1"
        , Field "_BOOT_ID" "1fbfe0078d00402ab1601f5940ecd4ef"
        , Field "PRIORITY" "4"
        , Field "_TRANSPORT" "journal"
        , Field "_UID" "1000"
        , Field "_GID" "1001"
        , Field "_CAP_EFFECTIVE" "0"
        , Field "_AUDIT_SESSION" "1"
        , Field "_AUDIT_LOGINUID" "1000"
        , Field "_SYSTEMD_OWNER_UID" "1000"
        , Field "_SYSTEMD_UNIT" "user@1000.service"
        , Field "_SYSTEMD_SLICE" "user-1000.slice"
        , Field "_MACHINE_ID" "aaaaaaaaaaaaaaaaaaaaaaaaaaaaaaaa"
        , Field "_HOSTNAME" "tail-bot"
        , Field "_RUNTIME_SCOPE" "system"
        , Field "CODE_FUNC" "unknown"
        , Field "CODE_LINE" "0"
        , Field "CODE_FILE" "unknown"
        , Field "_SYSTEMD_USER_SLICE" "background.slice"
        , Field "SYSLOG_IDENTIFIER" "krunner"
        , Field "_PID" "14090"
        , Field "_COMM" "krunner"
        , Field "_EXE" "/usr/bin/krunner"
        , Field "_CMDLINE" "/usr/bin/krunner"
        , Field "_SYSTEMD_CGROUP" "/user.slice/user-1000.slice/user@1000.service/background.slice/plasma-krunner.service"
        , Field "_SYSTEMD_USER_UNIT" "plasma-krunner.service"
        , Field "_SYSTEMD_INVOCATION_ID" "429cf3a9a75b465e8e373be89643fd66"
        , Field "MESSAGE" "kf.kio.core: No Exec field in """
        , Field "QT_CATEGORY" "kf.kio.core"
        , Field "_SOURCE_REALTIME_TIMESTAMP" "1707194763791404"
        ]
    ]